  GameWindow.cpp
C:\Users\cruis\Desktop\C L O W N  W A R E\Pong Game\Ping-Pong\GameWindow.cpp(9,47): warning C4244: 'initializing': conversion from 'float' to 'int', possible loss of data
C:\Users\cruis\Desktop\C L O W N  W A R E\Pong Game\Ping-Pong\GameWindow.cpp(9,63): warning C4244: 'initializing': conversion from 'float' to 'int', possible loss of data
C:\Users\cruis\Desktop\C L O W N  W A R E\Pong Game\Ping-Pong\GameWindow.cpp(146,37): warning C4244: 'argument': conversion from 'int' to 'float', possible loss of data
C:\Users\cruis\Desktop\C L O W N  W A R E\Pong Game\Ping-Pong\GameWindow.cpp(146,26): warning C4244: 'argument': conversion from 'int' to 'float', possible loss of data
C:\Users\cruis\Desktop\C L O W N  W A R E\Pong Game\Ping-Pong\GameWindow.cpp(225,19): warning C4244: '=': conversion from 'int' to 'float', possible loss of data
C:\Users\cruis\Desktop\C L O W N  W A R E\Pong Game\Ping-Pong\GameWindow.cpp(226,18): warning C4244: '=': conversion from 'int' to 'float', possible loss of data
C:\Users\cruis\Desktop\C L O W N  W A R E\Pong Game\Ping-Pong\GameWindow.cpp(327,39): warning C4244: '-=': conversion from 'double' to 'float', possible loss of data
C:\Users\cruis\Desktop\C L O W N  W A R E\Pong Game\Ping-Pong\GameWindow.cpp(332,39): warning C4244: '+=': conversion from 'double' to 'float', possible loss of data
C:\Users\cruis\Desktop\C L O W N  W A R E\Pong Game\Ping-Pong\GameWindow.cpp(435,11): warning C4244: '=': conversion from 'float' to 'int', possible loss of data
C:\Users\cruis\Desktop\C L O W N  W A R E\Pong Game\Ping-Pong\GameWindow.cpp(436,12): warning C4244: '=': conversion from 'float' to 'int', possible loss of data
C:\Users\cruis\Desktop\C L O W N  W A R E\Pong Game\Ping-Pong\GameWindow.cpp(512,20): warning C4244: '=': conversion from 'int' to 'float', possible loss of data
C:\Users\cruis\Desktop\C L O W N  W A R E\Pong Game\Ping-Pong\GameWindow.cpp(513,21): warning C4244: '=': conversion from 'int' to 'float', possible loss of data
C:\Users\cruis\Desktop\C L O W N  W A R E\Pong Game\Ping-Pong\GameWindow.cpp(526,81): warning C4244: 'argument': conversion from 'float' to 'int', possible loss of data
C:\Users\cruis\Desktop\C L O W N  W A R E\Pong Game\Ping-Pong\GameWindow.cpp(526,46): warning C4244: 'argument': conversion from 'float' to 'int', possible loss of data
C:\Users\cruis\Desktop\C L O W N  W A R E\Pong Game\Ping-Pong\GameWindow.cpp(529,143): warning C4244: 'argument': conversion from 'float' to 'int', possible loss of data
C:\Users\cruis\Desktop\C L O W N  W A R E\Pong Game\Ping-Pong\GameWindow.cpp(529,111): warning C4244: 'argument': conversion from 'float' to 'int', possible loss of data
C:\Users\cruis\Desktop\C L O W N  W A R E\Pong Game\Ping-Pong\GameWindow.cpp(529,80): warning C4244: 'argument': conversion from 'float' to 'int', possible loss of data
C:\Users\cruis\Desktop\C L O W N  W A R E\Pong Game\Ping-Pong\GameWindow.cpp(529,48): warning C4244: 'argument': conversion from 'float' to 'int', possible loss of data
C:\Users\cruis\Desktop\C L O W N  W A R E\Pong Game\Ping-Pong\GameWindow.cpp(532,133): warning C4244: 'argument': conversion from 'float' to 'int', possible loss of data
C:\Users\cruis\Desktop\C L O W N  W A R E\Pong Game\Ping-Pong\GameWindow.cpp(532,78): warning C4244: 'argument': conversion from 'float' to 'int', possible loss of data
C:\Users\cruis\Desktop\C L O W N  W A R E\Pong Game\Ping-Pong\GameWindow.cpp(532,45): warning C4244: 'argument': conversion from 'float' to 'int', possible loss of data
C:\Users\cruis\Desktop\C L O W N  W A R E\Pong Game\Ping-Pong\GameWindow.cpp(533,133): warning C4244: 'argument': conversion from 'float' to 'int', possible loss of data
C:\Users\cruis\Desktop\C L O W N  W A R E\Pong Game\Ping-Pong\GameWindow.cpp(533,77): warning C4244: 'argument': conversion from 'float' to 'int', possible loss of data
C:\Users\cruis\Desktop\C L O W N  W A R E\Pong Game\Ping-Pong\GameWindow.cpp(533,45): warning C4244: 'argument': conversion from 'float' to 'int', possible loss of data
C:\Users\cruis\Desktop\C L O W N  W A R E\Pong Game\Ping-Pong\GameWindow.cpp(536,95): warning C4244: 'argument': conversion from 'float' to 'int', possible loss of data
C:\Users\cruis\Desktop\C L O W N  W A R E\Pong Game\Ping-Pong\GameWindow.cpp(536,68): warning C4244: 'argument': conversion from 'float' to 'int', possible loss of data
C:\Users\cruis\Desktop\C L O W N  W A R E\Pong Game\Ping-Pong\GameWindow.cpp(536,42): warning C4244: 'argument': conversion from 'float' to 'int', possible loss of data
C:\Users\cruis\Desktop\C L O W N  W A R E\Pong Game\Ping-Pong\GameWindow.cpp(536,32): warning C4244: 'argument': conversion from 'float' to 'int', possible loss of data
C:\Users\cruis\Desktop\C L O W N  W A R E\Pong Game\Ping-Pong\GameWindow.cpp(539,115): warning C4244: 'argument': conversion from 'float' to 'int', possible loss of data
C:\Users\cruis\Desktop\C L O W N  W A R E\Pong Game\Ping-Pong\GameWindow.cpp(539,88): warning C4244: 'argument': conversion from 'float' to 'int', possible loss of data
C:\Users\cruis\Desktop\C L O W N  W A R E\Pong Game\Ping-Pong\GameWindow.cpp(539,67): warning C4244: 'argument': conversion from 'float' to 'int', possible loss of data
C:\Users\cruis\Desktop\C L O W N  W A R E\Pong Game\Ping-Pong\GameWindow.cpp(539,54): warning C4244: 'argument': conversion from 'float' to 'int', possible loss of data
C:\Users\cruis\Desktop\C L O W N  W A R E\Pong Game\Ping-Pong\GameWindow.cpp(542,128): warning C4244: 'argument': conversion from 'float' to 'int', possible loss of data
C:\Users\cruis\Desktop\C L O W N  W A R E\Pong Game\Ping-Pong\GameWindow.cpp(542,99): warning C4244: 'argument': conversion from 'float' to 'int', possible loss of data
C:\Users\cruis\Desktop\C L O W N  W A R E\Pong Game\Ping-Pong\GameWindow.cpp(542,70): warning C4244: 'argument': conversion from 'float' to 'int', possible loss of data
C:\Users\cruis\Desktop\C L O W N  W A R E\Pong Game\Ping-Pong\GameWindow.cpp(542,44): warning C4244: 'argument': conversion from 'float' to 'int', possible loss of data
C:\Users\cruis\Desktop\C L O W N  W A R E\Pong Game\Ping-Pong\GameWindow.cpp(559,108): warning C4244: 'argument': conversion from 'float' to 'int', possible loss of data
C:\Users\cruis\Desktop\C L O W N  W A R E\Pong Game\Ping-Pong\GameWindow.cpp(559,43): warning C4244: 'argument': conversion from 'float' to 'int', possible loss of data
C:\Users\cruis\Desktop\C L O W N  W A R E\Pong Game\Ping-Pong\GameWindow.cpp(560,106): warning C4244: 'argument': conversion from 'float' to 'int', possible loss of data
C:\Users\cruis\Desktop\C L O W N  W A R E\Pong Game\Ping-Pong\GameWindow.cpp(560,43): warning C4244: 'argument': conversion from 'float' to 'int', possible loss of data
C:\Users\cruis\Desktop\C L O W N  W A R E\Pong Game\Ping-Pong\GameWindow.cpp(561,144): warning C4244: 'argument': conversion from 'float' to 'int', possible loss of data
C:\Users\cruis\Desktop\C L O W N  W A R E\Pong Game\Ping-Pong\GameWindow.cpp(561,43): warning C4244: 'argument': conversion from 'float' to 'int', possible loss of data
C:\Users\cruis\Desktop\C L O W N  W A R E\Pong Game\Ping-Pong\GameWindow.cpp(565,132): warning C4244: 'argument': conversion from 'float' to 'int', possible loss of data
C:\Users\cruis\Desktop\C L O W N  W A R E\Pong Game\Ping-Pong\GameWindow.cpp(565,72): warning C4244: 'argument': conversion from 'float' to 'int', possible loss of data
C:\Users\cruis\Desktop\C L O W N  W A R E\Pong Game\Ping-Pong\GameWindow.cpp(565,44): warning C4244: 'argument': conversion from 'float' to 'int', possible loss of data
C:\Users\cruis\Desktop\C L O W N  W A R E\Pong Game\Ping-Pong\GameWindow.cpp(570,128): warning C4244: 'argument': conversion from 'float' to 'int', possible loss of data
C:\Users\cruis\Desktop\C L O W N  W A R E\Pong Game\Ping-Pong\GameWindow.cpp(570,72): warning C4244: 'argument': conversion from 'float' to 'int', possible loss of data
C:\Users\cruis\Desktop\C L O W N  W A R E\Pong Game\Ping-Pong\GameWindow.cpp(570,44): warning C4244: 'argument': conversion from 'float' to 'int', possible loss of data
C:\Users\cruis\Desktop\C L O W N  W A R E\Pong Game\Ping-Pong\GameWindow.cpp(577,124): warning C4244: 'argument': conversion from 'float' to 'int', possible loss of data
C:\Users\cruis\Desktop\C L O W N  W A R E\Pong Game\Ping-Pong\GameWindow.cpp(577,66): warning C4244: 'argument': conversion from 'float' to 'int', possible loss of data
C:\Users\cruis\Desktop\C L O W N  W A R E\Pong Game\Ping-Pong\GameWindow.cpp(577,44): warning C4244: 'argument': conversion from 'float' to 'int', possible loss of data
C:\Users\cruis\Desktop\C L O W N  W A R E\Pong Game\Ping-Pong\GameWindow.cpp(582,123): warning C4244: 'argument': conversion from 'float' to 'int', possible loss of data
C:\Users\cruis\Desktop\C L O W N  W A R E\Pong Game\Ping-Pong\GameWindow.cpp(582,67): warning C4244: 'argument': conversion from 'float' to 'int', possible loss of data
C:\Users\cruis\Desktop\C L O W N  W A R E\Pong Game\Ping-Pong\GameWindow.cpp(582,45): warning C4244: 'argument': conversion from 'float' to 'int', possible loss of data
C:\Users\cruis\Desktop\C L O W N  W A R E\Pong Game\Ping-Pong\GameWindow.cpp(586,124): warning C4244: 'argument': conversion from 'float' to 'int', possible loss of data
C:\Users\cruis\Desktop\C L O W N  W A R E\Pong Game\Ping-Pong\GameWindow.cpp(586,67): warning C4244: 'argument': conversion from 'float' to 'int', possible loss of data
C:\Users\cruis\Desktop\C L O W N  W A R E\Pong Game\Ping-Pong\GameWindow.cpp(586,45): warning C4244: 'argument': conversion from 'float' to 'int', possible loss of data
C:\Users\cruis\Desktop\C L O W N  W A R E\Pong Game\Ping-Pong\GameWindow.cpp(589,137): warning C4244: 'argument': conversion from 'float' to 'int', possible loss of data
C:\Users\cruis\Desktop\C L O W N  W A R E\Pong Game\Ping-Pong\GameWindow.cpp(589,71): warning C4244: 'argument': conversion from 'float' to 'int', possible loss of data
C:\Users\cruis\Desktop\C L O W N  W A R E\Pong Game\Ping-Pong\GameWindow.cpp(589,44): warning C4244: 'argument': conversion from 'float' to 'int', possible loss of data
C:\Users\cruis\Desktop\C L O W N  W A R E\Pong Game\Ping-Pong\GameWindow.cpp(664,20): warning C4244: '=': conversion from 'int' to 'float', possible loss of data
C:\Users\cruis\Desktop\C L O W N  W A R E\Pong Game\Ping-Pong\GameWindow.cpp(665,21): warning C4244: '=': conversion from 'int' to 'float', possible loss of data
  Generating code
  1 of 223 functions ( 0.4%) were compiled, the rest were copied from previous compilation.
    0 functions were new in current compilation
    2 functions had inline decision re-evaluated but remain unchanged
  Finished generating code
  Ping-Pong.vcxproj -> C:\Users\cruis\Desktop\C L O W N  W A R E\Pong Game\x64\Release\Ping-Pong.exe
